// Jest Snapshot v1, https://goo.gl/fbAQLP

exports[`Storyshots Home Categories Selector Desktop 1`] = `
<div
  className="MuiTabs-root"
>
  <div
    className="MuiTabs-scroller MuiTabs-fixed"
    onScroll={[Function]}
    style={
      Object {
        "marginBottom": null,
        "overflow": "hidden",
      }
    }
  >
    <div
      aria-label="simple tabs example"
      className="MuiTabs-flexContainer"
      onKeyDown={[Function]}
      role="tablist"
    >
      <button
        aria-controls="simple-tabpanel-0"
        aria-selected={true}
        className="MuiButtonBase-root MuiTab-root MuiTab-textColorInherit Mui-selected"
        disabled={false}
        id="simple-tab-0"
        onBlur={[Function]}
        onClick={[Function]}
        onDragLeave={[Function]}
        onFocus={[Function]}
        onKeyDown={[Function]}
        onKeyUp={[Function]}
        onMouseDown={[Function]}
        onMouseLeave={[Function]}
        onMouseUp={[Function]}
        onTouchEnd={[Function]}
        onTouchMove={[Function]}
        onTouchStart={[Function]}
        role="tab"
        tabIndex={0}
        type="button"
      >
        <span
          className="MuiTab-wrapper"
        />
        <span
          className="PrivateTabIndicator-root-5 PrivateTabIndicator-colorSecondary-7 MuiTabs-indicator"
          style={Object {}}
        />
      </button>
      <button
        aria-controls="simple-tabpanel-1"
        aria-selected={false}
        className="MuiButtonBase-root MuiTab-root MuiTab-textColorInherit"
        disabled={false}
        id="simple-tab-1"
        onBlur={[Function]}
        onClick={[Function]}
        onDragLeave={[Function]}
        onFocus={[Function]}
        onKeyDown={[Function]}
        onKeyUp={[Function]}
        onMouseDown={[Function]}
        onMouseLeave={[Function]}
        onMouseUp={[Function]}
        onTouchEnd={[Function]}
        onTouchMove={[Function]}
        onTouchStart={[Function]}
        role="tab"
        tabIndex={-1}
        type="button"
      >
        <span
          className="MuiTab-wrapper"
        />
      </button>
    </div>
  </div>
</div>
`;

exports[`Storyshots Home Categories Selector Mobile 1`] = `
<div
  className="MuiInputBase-root MuiInput-root MuiInput-underline"
  onClick={[Function]}
>
  <div
    aria-haspopup="listbox"
    className="MuiSelect-root MuiSelect-select MuiSelect-selectMenu MuiInputBase-input MuiInput-input"
    onBlur={[Function]}
    onFocus={[Function]}
    onKeyDown={[Function]}
    onMouseDown={[Function]}
    role="button"
    tabIndex={0}
  >
    <span
      dangerouslySetInnerHTML={
        Object {
          "__html": "&#8203;",
        }
      }
    />
  </div>
  <input
    aria-hidden={true}
    className="MuiSelect-nativeInput"
    onAnimationStart={[Function]}
    onChange={[Function]}
    tabIndex={-1}
    value={0}
  />
  <svg
    aria-hidden={true}
    className="MuiSvgIcon-root MuiSelect-icon"
    focusable="false"
    viewBox="0 0 24 24"
  >
    <path
      d="M7 10l5 5 5-5z"
    />
  </svg>
</div>
`;

exports[`Storyshots Light Language Switcher Portuguese 1`] = `
<div
  style={
    Object {
      "alignItems": "center",
      "backgroundColor": "black",
      "display": "flex",
      "height": 60,
      "justifyContent": "center",
      "width": 150,
    }
  }
>
  <div
    className="MuiBox-root MuiBox-root-4 makeStyles-box-1"
  >
    <button
      className=""
      onClick={[Function]}
    >
      PT
    </button>
    <button
      className="makeStyles-inactive-2 makeStyles-active-3"
      onClick={[Function]}
    >
      EN
    </button>
  </div>
</div>
`;
